// Jest Snapshot v1, https://goo.gl/fbAQLP

exports[`Footer renders 1`] = `

<footer class="footer text-muted">
  <div class="container">
    <div class="row">
      <div class="col mr-auto">
      </div>
      <div class="col text-right">
      </div>
    </div>
  </div>
</footer>

`;
